Criterion                                Actions
---------                                -------
^A1$                                     3 note


3 FFFFB2
