Criterion                                Actions
---------                                -------
A2A|X                                    keep
