"colour","note","position","shape","level","level0","level1","level2"
"","","","","0","A"
"","","","","1","","A1"
"","","","","1","","A2"
"","","","","2","","","A2A"
"","","","square","0","X"
