Criterion                                Actions
---------                                -------
markdown                                 2,3
