### A


#### A1


#### A2

* A2A
  * A2A1
<br/><br/>This is a test note - to see how it gets rendered.

  * A2A2
    * A2A21

### X

This is another test note with a second line
