"colour","note","position","shape","level","level0","level1","level2","level3","level4","level5","level6","level7","level8","level9","level10","level11","level12","level13","level14","level15","level16","level17","level18","level19","level20"
"","","","","0","A"
"DDDDFF","","","","1","","C"
"DDDDFF","","","","1","","D"
"DDDDFF","","","","2","","","D1"
"DDDDFF","","","","2","","","D2"
"DDDDFF","","","","1","","C1"
"DDDDFF","","","","1","","C2"
"DDDDFF","","","","1","","Y"
"DDDDFF","","","","2","","","Z"
