Criterion                                Actions
---------                                -------
promote                                  2
