Criterion                                Actions
---------                                -------


Indentation detected: <space><space>
