"colour","note","position","shape","level","level0","level1","level2","level3"
"","","","","0","A"
"","","","","1","","A1"
"","","","","2","","","A1A"
"","","","","2","","","A1B"
"","","","","0","B"
"","","","","1","","B1"
"","","","","2","","","B1A"
"","","","","3","","","","B1A1"
"","","","","0","C"
"","","","","0","D"
